[run.sh] Starting full pipeline run at 2025-12-14T10:32:19+00:00
2025-12-14 10:32:20,839 - INFO -  ****************************** DATA PREPROCESSING STARTED ******************************
2025-12-14 10:32:20,839 - INFO - Downloading and extracting data...
2025-12-14 10:32:29,874 - INFO - ZIP archive downloaded, extracting...
2025-12-14 10:32:29,962 - INFO - Extraction completed.
2025-12-14 10:32:29,971 - INFO - Loading JSON files from extracted folders...
2025-12-14 10:32:30,254 - INFO - Loaded 34 simple and 30 consensus JSON files.
2025-12-14 10:32:30,255 - INFO - Parsing paragraphs and labels from JSON files...
2025-12-14 10:32:30,255 - INFO - Parsing paragraph in consensus dataset...
2025-12-14 10:32:30,280 - INFO - Averaging labels of consensus paragraphs...
2025-12-14 10:32:30,283 - INFO - Parsed 595 Consensus paragraphs in total.
2025-12-14 10:32:30,320 - INFO - Parsed 3184 non-consensus paragraphs in total.
2025-12-14 10:32:30,382 - INFO - Raw data saved for analysis to path './data/raw_data.csv'.
2025-12-14 10:32:30,382 - INFO - Processing training data...
2025-12-14 10:32:30,383 - INFO - Transforming labels by subtracting 1 to make them zero-based.
2025-12-14 10:32:30,383 - INFO - Removing duplicate paragraphs...
2025-12-14 10:32:30,385 - INFO - Found 0 duplicate paragraphs among consensus.
2025-12-14 10:32:30,386 - INFO - Total consensus samples after removing duplicates: 595
2025-12-14 10:32:30,388 - INFO - Found 164 duplicate paragraphs among non-consensus.
2025-12-14 10:32:30,390 - INFO - Total non-consensus samples after removing duplicates: 3020
2025-12-14 10:32:30,390 - INFO - Saving training data and test data. Test dataset only consists of the paragraphs from consensus!
2025-12-14 10:32:30,390 - INFO - Training samples: 3020, Test samples:  595
2025-12-14 10:32:30,433 - INFO - Preprocessed training data saved to path ./data/training.csv.
2025-12-14 10:32:30,433 - INFO - Preprocessed test data saved to path ./data/test.csv.
2025-12-14 10:32:34,965 - INFO -  ****************************** TRAINING STARTED ******************************
2025-12-14 10:32:34,966 - INFO - Fetching pre-trained huBERT model from Hugging Face as SZTAKI-HLT/hubert-base-cc...
2025-12-14 10:34:20,378 - INFO - Classification head initialized with hidden size 128 and dropout 0.4, consisting of two Fully Connected layers.
2025-12-14 10:34:20,551 - INFO - =====================================================================================
Layer (type:depth-idx)                                       Param #
=====================================================================================
LeanDeepHubert                                               --
├─BertModel: 1-1                                             --
│    └─BertEmbeddings: 2-1                                   --
│    │    └─Embedding: 3-1                                   24,576,768
│    │    └─Embedding: 3-2                                   393,216
│    │    └─Embedding: 3-3                                   1,536
│    │    └─LayerNorm: 3-4                                   1,536
│    │    └─Dropout: 3-5                                     --
│    └─BertEncoder: 2-2                                      --
│    │    └─ModuleList: 3-6                                  85,054,464
│    └─BertPooler: 2-3                                       --
│    │    └─Linear: 3-7                                      590,592
│    │    └─Tanh: 3-8                                        --
├─Sequential: 1-2                                            --
│    └─Linear: 2-4                                           98,432
│    └─BatchNorm1d: 2-5                                      256
│    └─ReLU: 2-6                                             --
│    └─Dropout: 2-7                                          --
│    └─Linear: 2-8                                           645
=====================================================================================
Total params: 110,717,445
Trainable params: 110,717,445
Non-trainable params: 0
=====================================================================================
2025-12-14 10:34:20,558 - INFO - Loading tokenizer for model SZTAKI-HLT/hubert-base-cc...
2025-12-14 10:34:21,987 - INFO - Preparing data loaders...
2025-12-14 10:34:22,019 - INFO - Split data into training and validation sets with 2416 and 604 samples, respectively.
2025-12-14 10:34:22,020 - INFO - Using device: cpu for training.
2025-12-14 10:34:22,020 - INFO - Starting Training Session for SZTAKI-HLT/hubert-base-cc
--------------------------------------------------
   > Optimizer:       AdamW
   > Loss Function:   CrossEntropyLoss
   > Learning Rate:   2e-05
   > Batch Size:      2
   > Dropout:         0.4
   > Epochs:          1
   > Device:          cpu
--------------------------------------------------
2025-12-14 10:34:26,884 - INFO - Epoch 1 | Batch 0 | Loss: 2.5239
2025-12-14 10:34:26,885 - INFO - --> Epoch 1 Completed. Validation starting...
2025-12-14 10:34:27,631 - INFO - Validation Results for Epoch 1 
--------------------------------------------------
   > Average Train Loss:      0.0021
   > Average Val Loss:        0.0053
   > Average Val Acc:         0.0000
   > Quadratic Weighted Kappa: 0.0000
--------------------------------------------------
2025-12-14 10:34:27,634 - INFO - Training finished. Saving the best model to ./output/model/deephubert_state.bin and the tokenizer to ./output/tokenizer/leanhubert...
2025-12-14 10:34:29,354 - INFO - Model and tokenizer saved successfully.
2025-12-14 10:34:34,209 - INFO -  ****************************** EVALUATION STARTED ******************************
2025-12-14 10:34:34,521 - INFO -  
--------------------------------------------------
 BASELINE MODEL CONFIGURATION AND REPORT
--------------------------------------------------
 Model Type:    Logistic Regression
 Class Weights: Balanced
 Classes:       5 (Labels 1-5)
 Input Features (5):
   Word_Cnt, Avg_Sent_Len, Avg_Word_Len, Num_Digits, Num_Spec_Char
 F1 Score (Weighted):       0.3172
 Quadratic Weighted Kappa:  0.3282
------------------------------------------------------------
 LEARNED COEFFICIENTS (Class vs Feature):
 Class  |     W_Cnt |  Avg_Sent |  Avg_Word |  Num_Nums |  Num_Spec |
 -------|-----------|-----------|-----------|-----------|-----------|
 1      |      0.76 |      0.11 |      0.46 |      0.08 |      0.07 |
 2      |      0.82 |      0.20 |      0.23 |     -0.02 |      0.11 |
 3      |      0.51 |      0.08 |      0.08 |      0.08 |     -0.07 |
 4      |     -0.02 |     -0.10 |     -0.18 |      0.03 |     -0.29 |
 5      |     -2.07 |     -0.29 |     -0.59 |     -0.17 |      0.19 |
------------------------------------------------------------
 CONFUSION MATRIX (Rows=True, Cols=Predicted):
                  1        2        3        4        5
 -----------------------------------------------------
 1        |       15        9        6        0        5
 2        |       12       12       17       16       19
 3        |       12       12       24       46       49
 4        |       11       33       31       63       83
 5        |        6       10        8       10       86
============================================================
2025-12-14 10:34:34,521 - INFO - Fetching pre-trained huBERT model from Hugging Face as SZTAKI-HLT/hubert-base-cc...
2025-12-14 10:34:36,235 - INFO - Classification head initialized with hidden size 128 and dropout 0.4, consisting of two Fully Connected layers.
2025-12-14 10:34:37,220 - INFO - Model parameters loaded from ./output/model/deephubert_state.bin for evaluation.
2025-12-14 10:34:37,220 - INFO - Loading tokenizer...
2025-12-14 10:34:37,244 - INFO - Tokenizer loaded from ./output/tokenizer/leanhubert.
2025-12-14 10:34:37,245 - INFO - Preparing test dataloader...
2025-12-14 10:34:37,251 - INFO - Testloader ready, starting evaluation of fine-tuned huBERT model...
2025-12-14 10:34:38,042 - INFO - 
============================================================
 huBERT MODEL PERFORMANCE REPORT
============================================================
 Test Loss:       0.0057
 Test Acc:       0.0000
 F1 Score (Weighted):       0.0000
 Quadratic Weighted Kappa:  0.0000
------------------------------------------------------------
 CONFUSION MATRIX (Rows=True, Cols=Predicted):
                  1        2        3        4        5
 -----------------------------------------------------
 1        |        0        0        0
 2        |        1        0        0
 3        |        1        0        0
============================================================
2025-12-14 10:34:41,880 - INFO -  ****************************** INFERENCE DEMONSTRATION STARTED ******************************
2025-12-14 10:34:41,880 - INFO - Fetching pre-trained huBERT model from Hugging Face as SZTAKI-HLT/hubert-base-cc...
2025-12-14 10:34:43,565 - INFO - Classification head initialized with hidden size 128 and dropout 0.4, consisting of two Fully Connected layers.
2025-12-14 10:34:44,431 - INFO - Model parameters loaded from ./output/model/deephubert_state.bin for inference.
2025-12-14 10:34:44,431 - INFO - Loading tokenizer...
2025-12-14 10:34:44,454 - INFO - Tokenizer loaded from ./output/tokenizer/leanhubert.
2025-12-14 10:34:44,456 - INFO - Predicting understandability for the input paragraph without newline characters:
2025-12-14 10:34:44,456 - INFO - 
 Az Alza a reklamáció beérkezését követően haladéktalanul létrehozza a reklamáció sorszámát („RMA szám”). Az RMA szám létrehozása csak a reklamáció beérkezését erősíti meg, a reklamációs igény elbírálására ebben a fázisban nem kerül sor. Ezt követően az Alza „Reklamációs igénylap” elnevezésű dokumentumot készít a reklamációról. Ezen dokumentum felel meg a fogyasztó és vállalkozás közötti szerződés keretében eladott dolgokra vonatkozó szavatossági és jótállási igények intézésének eljárási szabályairól szóló 19/2014. (IV. 29.) NGM rendelet 4 §-a szerinti jegyzőkönyvnek. Ezen Reklamációs Igénylap tartalmazza a Fogyasztó adatait, a reklamáció tárgyát képző termék elnevezését, vételárát, a Felek között létrejött szerződésről kiállított számlán szereplő dátumot, a hiba bejelentésének időpontját, a hiba leírását és a Fogyasztó által érvényesíteni kívánt reklamációs igényt is.
2025-12-14 10:34:44,612 - INFO - Predicted understandability: 2
[run.sh] Pipeline finished at 2025-12-14T10:34:45+00:00
